main.c:63:13:mqtt_pub_request_cb	16	static
main.c:71:6:example_publish	48	static
main.c:98:13:mqtt_incoming_publish_cb	24	static
main.c:114:13:mqtt_incoming_data_cb	24	static
main.c:138:13:mqtt_sub_request_cb	16	static
main.c:147:13:mqtt_connection_cb	40	static
main.c:172:6:example_do_connect	56	static
main.c:207:5:main	48	static
main.c:280:6:SystemClock_Config	232	static
main.c:341:13:MX_USART3_UART_Init	8	static
main.c:376:13:MX_GPIO_Init	56	static
main.c:447:6:StartDefaultTask	16	static
main.c:481:6:HAL_TIM_PeriodElapsedCallback	16	static
main.c:498:6:Error_Handler	4	static,ignoring_inline_asm
