main.c:63:13:mqtt_pub_request_cb	16	static
main.c:71:6:example_publish	40	static
main.c:93:13:mqtt_incoming_publish_cb	24	static
main.c:109:13:mqtt_incoming_data_cb	24	static
main.c:133:13:mqtt_sub_request_cb	16	static
main.c:142:13:mqtt_connection_cb	40	static
main.c:167:6:example_do_connect	56	static
main.c:202:5:main	48	static
main.c:275:6:SystemClock_Config	232	static
main.c:336:13:MX_USART3_UART_Init	8	static
main.c:371:13:MX_GPIO_Init	56	static
main.c:442:6:StartDefaultTask	16	static
main.c:480:6:HAL_TIM_PeriodElapsedCallback	16	static
main.c:497:6:Error_Handler	4	static,ignoring_inline_asm
